GNU bash, version 4.4.20(1)-release (x86_64-pc-linux-gnu)
gcc -g p7original.c
 ./a.out
enter the base and altitude of the triangle
1
2
the area of triangle with base 1.000000 altitude 2.000000 is 1.000000
 gdb a.out
GNU gdb (Ubuntu 8.1.1-0ubuntu1) 8.1.1
Copyright (C) 2018 Free Software Foundation, Inc.
License GPLv3+: GNU GPL version 3 or later <http://gnu.org/licenses/gpl.html>
This is free software: you are free to change and redistribute it.
There is NO WARRANTY, to the extent permitted by law.  Type "show copying"
and "show warranty" for details.
This GDB was configured as "x86_64-linux-gnu".
Type "show configuration" for configuration details.
For bug reporting instructions, please see:
<http://www.gnu.org/software/gdb/bugs/>.
Find the GDB manual and other documentation resources online at:
<http://www.gnu.org/software/gdb/documentation/>.
For help, type "help".
Type "apropos word" to search for commands related to "word"...
Reading symbols from a.out...done.
(gdb) b main
Breakpoint 1 at 0x877: file p7original.c, line 22.
(gdb) r
Starting program: /home/runner/ppa-IA2-practice2/a.out 
warning: Error disabling address space randomization: Operation not permitted

Breakpoint 1, main () at p7original.c:22
22  {
(gdb) n
24    b=input_triangle();
(gdb) s
input_triangle () at p7original.c:7
7   {
(gdb) n
9     printf("enter the base and altitude of the triangle\n");
(gdb) n
enter the base and altitude of the triangle
10    scanf("%f %f",&a.base,&a.altitude);
(gdb) n
n
11    return(a);
(gdb) n
12  }
(gdb) n
main () at p7original.c:25
25    find_area(&b);
(gdb) s
find_area (t=0x7fff5712494c) at p7original.c:15
15    t->area=t->base*(t->altitude*0.5);
(gdb) n
16  }
(gdb) n
main () at p7original.c:26
26    output(b);
(gdb) s
output (t=...) at p7original.c:19
19    printf("the area of triangle with base %f altitude %f is %f\n",t.base,t.altitude,t.area );
(gdb) n
the area of triangle with base 0.000000 altitude 0.000000 is 0.000000
20  }
(gdb) n
main () at p7original.c:27
27    return 0;
(gdb) n
28  }(gdb) q
A debugging session is active.

    Inferior 1 [process 314] will be killed.

Quit anyway? (y or n) y
